Flow report for DE2_115
Fri Dec 19 02:42:59 2025
Quartus II 64-Bit Version 15.0.0 Build 145 04/22/2015 SJ Full Version


---------------------
; Table of Contents ;
---------------------
  1. Legal Notice
  2. Flow Summary
  3. Flow Settings
  4. Flow Non-Default Global Settings
  5. Flow Elapsed Time
  6. Flow OS Summary
  7. Flow Log
  8. Flow Messages
  9. Flow Suppressed Messages



----------------
; Legal Notice ;
----------------
Copyright (C) 1991-2015 Altera Corporation. All rights reserved.
Your use of Altera Corporation's design tools, logic functions 
and other software and tools, and its AMPP partner logic 
functions, and any output files from any of the foregoing 
(including device programming or simulation files), and any 
associated documentation or information are expressly subject 
to the terms and conditions of the Altera Program License 
Subscription Agreement, the Altera Quartus II License Agreement,
the Altera MegaCore Function License Agreement, or other 
applicable license agreement, including, without limitation, 
that your use is for the sole purpose of programming logic 
devices manufactured by Altera and sold by Altera or its 
authorized distributors.  Please refer to the applicable 
agreement for further details.



+----------------------------------------------------------------------------------+
; Flow Summary                                                                     ;
+------------------------------------+---------------------------------------------+
; Flow Status                        ; Successful - Fri Dec 19 02:42:50 2025       ;
; Quartus II 64-Bit Version          ; 15.0.0 Build 145 04/22/2015 SJ Full Version ;
; Revision Name                      ; DE2_115                                     ;
; Top-level Entity Name              ; DE2_115                                     ;
; Family                             ; Cyclone IV E                                ;
; Device                             ; EP4CE115F29C7                               ;
; Timing Models                      ; Final                                       ;
; Total logic elements               ; 2,371 / 114,480 ( 2 % )                     ;
;     Total combinational functions  ; 1,724 / 114,480 ( 2 % )                     ;
;     Dedicated logic registers      ; 1,272 / 114,480 ( 1 % )                     ;
; Total registers                    ; 1272                                        ;
; Total pins                         ; 518 / 529 ( 98 % )                          ;
; Total virtual pins                 ; 0                                           ;
; Total memory bits                  ; 2,883,584 / 3,981,312 ( 72 % )              ;
; Embedded Multiplier 9-bit elements ; 0 / 532 ( 0 % )                             ;
; Total PLLs                         ; 0 / 4 ( 0 % )                               ;
+------------------------------------+---------------------------------------------+


+-----------------------------------------+
; Flow Settings                           ;
+-------------------+---------------------+
; Option            ; Setting             ;
+-------------------+---------------------+
; Start date & time ; 12/19/2025 01:45:52 ;
; Main task         ; Compilation         ;
; Revision Name     ; DE2_115             ;
+-------------------+---------------------+


+---------------------------------------------------------------------------------------------------------------------------------------------------------------------------------------------------------------------------------------------------------------------------+
; Flow Non-Default Global Settings                                                                                                                                                                                                                                          ;
+-------------------------------------+------------------------------------------------------------------------------------------------------------------------------------------------------------------------------------+---------------+-------------+------------------+
; Assignment Name                     ; Value                                                                                                                                                                              ; Default Value ; Entity Name ; Section Id       ;
+-------------------------------------+------------------------------------------------------------------------------------------------------------------------------------------------------------------------------------+---------------+-------------+------------------+
; COMPILER_SIGNATURE_ID               ; 185122851816122.176607995212884                                                                                                                                                    ; --            ; --          ; --               ;
; ENABLE_SIGNALTAP                    ; On                                                                                                                                                                                 ; --            ; --          ; --               ;
; MAX_CORE_JUNCTION_TEMP              ; 85                                                                                                                                                                                 ; --            ; --          ; --               ;
; MIN_CORE_JUNCTION_TEMP              ; 0                                                                                                                                                                                  ; --            ; --          ; --               ;
; OUTPUT_IO_TIMING_FAR_END_VMEAS      ; Half Signal Swing                                                                                                                                                                  ; --            ; --          ; --               ;
; OUTPUT_IO_TIMING_FAR_END_VMEAS      ; Half Signal Swing                                                                                                                                                                  ; --            ; --          ; --               ;
; OUTPUT_IO_TIMING_NEAR_END_VMEAS     ; Half Vccio                                                                                                                                                                         ; --            ; --          ; --               ;
; OUTPUT_IO_TIMING_NEAR_END_VMEAS     ; Half Vccio                                                                                                                                                                         ; --            ; --          ; --               ;
; PARTITION_COLOR                     ; 16764057                                                                                                                                                                           ; --            ; --          ; Top              ;
; PARTITION_FITTER_PRESERVATION_LEVEL ; PLACEMENT_AND_ROUTING                                                                                                                                                              ; --            ; --          ; Top              ;
; PARTITION_NETLIST_TYPE              ; SOURCE                                                                                                                                                                             ; --            ; --          ; Top              ;
; PROJECT_OUTPUT_DIRECTORY            ; output_files                                                                                                                                                                       ; --            ; --          ; --               ;
; SLD_FILE                            ; db/stp1_auto_stripped.stp                                                                                                                                                          ; --            ; --          ; --               ;
; SLD_NODE_CREATOR_ID                 ; 110                                                                                                                                                                                ; --            ; --          ; auto_signaltap_0 ;
; SLD_NODE_ENTITY_NAME                ; sld_signaltap                                                                                                                                                                      ; --            ; --          ; auto_signaltap_0 ;
; SLD_NODE_PARAMETER_ASSIGNMENT       ; SLD_NODE_INFO=805334528                                                                                                                                                            ; --            ; --          ; auto_signaltap_0 ;
; SLD_NODE_PARAMETER_ASSIGNMENT       ; SLD_POWER_UP_TRIGGER=0                                                                                                                                                             ; --            ; --          ; auto_signaltap_0 ;
; SLD_NODE_PARAMETER_ASSIGNMENT       ; SLD_STORAGE_QUALIFIER_INVERSION_MASK_LENGTH=0                                                                                                                                      ; --            ; --          ; auto_signaltap_0 ;
; SLD_NODE_PARAMETER_ASSIGNMENT       ; SLD_ATTRIBUTE_MEM_MODE=OFF                                                                                                                                                         ; --            ; --          ; auto_signaltap_0 ;
; SLD_NODE_PARAMETER_ASSIGNMENT       ; SLD_STATE_FLOW_USE_GENERATED=0                                                                                                                                                     ; --            ; --          ; auto_signaltap_0 ;
; SLD_NODE_PARAMETER_ASSIGNMENT       ; SLD_STATE_BITS=11                                                                                                                                                                  ; --            ; --          ; auto_signaltap_0 ;
; SLD_NODE_PARAMETER_ASSIGNMENT       ; SLD_BUFFER_FULL_STOP=1                                                                                                                                                             ; --            ; --          ; auto_signaltap_0 ;
; SLD_NODE_PARAMETER_ASSIGNMENT       ; SLD_CURRENT_RESOURCE_WIDTH=1                                                                                                                                                       ; --            ; --          ; auto_signaltap_0 ;
; SLD_NODE_PARAMETER_ASSIGNMENT       ; SLD_INCREMENTAL_ROUTING=1                                                                                                                                                          ; --            ; --          ; auto_signaltap_0 ;
; SLD_NODE_PARAMETER_ASSIGNMENT       ; SLD_TRIGGER_LEVEL=1                                                                                                                                                                ; --            ; --          ; auto_signaltap_0 ;
; SLD_NODE_PARAMETER_ASSIGNMENT       ; SLD_TRIGGER_IN_ENABLED=0                                                                                                                                                           ; --            ; --          ; auto_signaltap_0 ;
; SLD_NODE_PARAMETER_ASSIGNMENT       ; SLD_ADVANCED_TRIGGER_ENTITY=basic,1,                                                                                                                                               ; --            ; --          ; auto_signaltap_0 ;
; SLD_NODE_PARAMETER_ASSIGNMENT       ; SLD_TRIGGER_LEVEL_PIPELINE=1                                                                                                                                                       ; --            ; --          ; auto_signaltap_0 ;
; SLD_NODE_PARAMETER_ASSIGNMENT       ; SLD_ENABLE_ADVANCED_TRIGGER=0                                                                                                                                                      ; --            ; --          ; auto_signaltap_0 ;
; SLD_NODE_PARAMETER_ASSIGNMENT       ; SLD_RAM_BLOCK_TYPE=M9K                                                                                                                                                             ; --            ; --          ; auto_signaltap_0 ;
; SLD_NODE_PARAMETER_ASSIGNMENT       ; SLD_SEGMENT_SIZE=65536                                                                                                                                                             ; --            ; --          ; auto_signaltap_0 ;
; SLD_NODE_PARAMETER_ASSIGNMENT       ; SLD_SAMPLE_DEPTH=65536                                                                                                                                                             ; --            ; --          ; auto_signaltap_0 ;
; SLD_NODE_PARAMETER_ASSIGNMENT       ; SLD_DATA_BITS=43                                                                                                                                                                   ; --            ; --          ; auto_signaltap_0 ;
; SLD_NODE_PARAMETER_ASSIGNMENT       ; SLD_TRIGGER_BITS=43                                                                                                                                                                ; --            ; --          ; auto_signaltap_0 ;
; SLD_NODE_PARAMETER_ASSIGNMENT       ; SLD_STORAGE_QUALIFIER_BITS=43                                                                                                                                                      ; --            ; --          ; auto_signaltap_0 ;
; SLD_NODE_PARAMETER_ASSIGNMENT       ; SLD_INVERSION_MASK=000000000000000000000000000000000000000000000000000000000000000000000000000000000000000000000000000000000000000000000000000000000000000000000000000000000000000 ; --            ; --          ; auto_signaltap_0 ;
; SLD_NODE_PARAMETER_ASSIGNMENT       ; SLD_INVERSION_MASK_LENGTH=159                                                                                                                                                      ; --            ; --          ; auto_signaltap_0 ;
; USE_SIGNALTAP_FILE                  ; stp1.stp                                                                                                                                                                           ; --            ; --          ; --               ;
+-------------------------------------+------------------------------------------------------------------------------------------------------------------------------------------------------------------------------------+---------------+-------------+------------------+


+-------------------------------------------------------------------------------------------------------------------------------+
; Flow Elapsed Time                                                                                                             ;
+---------------------------+--------------+-------------------------+---------------------+------------------------------------+
; Module Name               ; Elapsed Time ; Average Processors Used ; Peak Virtual Memory ; Total CPU Time (on all processors) ;
+---------------------------+--------------+-------------------------+---------------------+------------------------------------+
; Analysis & Synthesis      ; 00:00:20     ; 1.0                     ; 4959 MB             ; 00:00:32                           ;
; Fitter                    ; 00:00:23     ; 2.3                     ; 6265 MB             ; 00:00:30                           ;
; Assembler                 ; 00:00:08     ; 1.0                     ; 4777 MB             ; 00:00:04                           ;
; TimeQuest Timing Analyzer ; 00:00:07     ; 1.0                     ; 5054 MB             ; 00:00:05                           ;
; Analysis & Synthesis      ; 00:00:20     ; 1.4                     ; 4928 MB             ; 00:00:41                           ;
; Partition Merge           ; 00:00:01     ; 1.0                     ; 4816 MB             ; 00:00:01                           ;
; Fitter                    ; 00:00:20     ; 1.9                     ; 6277 MB             ; 00:00:29                           ;
; Assembler                 ; 00:00:04     ; 1.0                     ; 4778 MB             ; 00:00:04                           ;
; TimeQuest Timing Analyzer ; 00:00:05     ; 1.0                     ; 5058 MB             ; 00:00:05                           ;
; Analysis & Synthesis      ; 00:00:17     ; 1.0                     ; 4970 MB             ; 00:00:32                           ;
; Partition Merge           ; 00:00:01     ; 1.0                     ; 4816 MB             ; 00:00:01                           ;
; Fitter                    ; 00:00:20     ; 1.7                     ; 6283 MB             ; 00:00:31                           ;
; Assembler                 ; 00:00:04     ; 1.0                     ; 4780 MB             ; 00:00:04                           ;
; TimeQuest Timing Analyzer ; 00:00:05     ; 1.0                     ; 5058 MB             ; 00:00:05                           ;
; Analysis & Synthesis      ; 00:00:16     ; 1.0                     ; 4965 MB             ; 00:00:30                           ;
; Partition Merge           ; 00:00:04     ; 1.0                     ; 4814 MB             ; 00:00:01                           ;
; Fitter                    ; 00:00:23     ; 2.2                     ; 6277 MB             ; 00:00:30                           ;
; Assembler                 ; 00:00:09     ; 1.0                     ; 4779 MB             ; 00:00:04                           ;
; TimeQuest Timing Analyzer ; 00:00:07     ; 2.3                     ; 5058 MB             ; 00:00:05                           ;
; Analysis & Synthesis      ; 00:00:20     ; 1.0                     ; 4969 MB             ; 00:00:31                           ;
; Partition Merge           ; 00:00:04     ; 1.0                     ; 4817 MB             ; 00:00:01                           ;
; Fitter                    ; 00:00:23     ; 1.5                     ; 6275 MB             ; 00:00:31                           ;
; Assembler                 ; 00:00:08     ; 1.0                     ; 4780 MB             ; 00:00:04                           ;
; TimeQuest Timing Analyzer ; 00:00:07     ; 1.3                     ; 5055 MB             ; 00:00:05                           ;
; Analysis & Synthesis      ; 00:00:17     ; 1.0                     ; 4961 MB             ; 00:00:32                           ;
; Partition Merge           ; 00:00:01     ; 1.0                     ; 4815 MB             ; 00:00:01                           ;
; Fitter                    ; 00:00:20     ; 1.7                     ; 6270 MB             ; 00:00:30                           ;
; Assembler                 ; 00:00:04     ; 1.0                     ; 4779 MB             ; 00:00:04                           ;
; TimeQuest Timing Analyzer ; 00:00:05     ; 1.0                     ; 5058 MB             ; 00:00:05                           ;
; Analysis & Synthesis      ; 00:00:15     ; 1.0                     ; 4912 MB             ; 00:00:30                           ;
; Partition Merge           ; 00:00:02     ; 1.0                     ; 4919 MB             ; 00:00:01                           ;
; Fitter                    ; 00:00:20     ; 2.3                     ; 6281 MB             ; 00:00:30                           ;
; Assembler                 ; 00:00:06     ; 1.0                     ; 4781 MB             ; 00:00:04                           ;
; TimeQuest Timing Analyzer ; 00:00:07     ; 1.7                     ; 5055 MB             ; 00:00:05                           ;
; Analysis & Synthesis      ; 00:00:17     ; 1.0                     ; 4967 MB             ; 00:00:33                           ;
; Partition Merge           ; 00:00:02     ; 1.0                     ; 4817 MB             ; 00:00:01                           ;
; Fitter                    ; 00:00:20     ; 1.6                     ; 6286 MB             ; 00:00:30                           ;
; Assembler                 ; 00:00:04     ; 1.0                     ; 4774 MB             ; 00:00:04                           ;
; TimeQuest Timing Analyzer ; 00:00:04     ; 3.7                     ; 5056 MB             ; 00:00:05                           ;
; Analysis & Synthesis      ; 00:00:17     ; 1.0                     ; 4961 MB             ; 00:00:32                           ;
; Partition Merge           ; 00:00:04     ; 1.0                     ; 4816 MB             ; 00:00:01                           ;
; Fitter                    ; 00:00:23     ; 1.5                     ; 6284 MB             ; 00:00:30                           ;
; Assembler                 ; 00:00:09     ; 1.0                     ; 4777 MB             ; 00:00:04                           ;
; TimeQuest Timing Analyzer ; 00:00:07     ; 3.3                     ; 5057 MB             ; 00:00:05                           ;
; Analysis & Synthesis      ; 00:00:20     ; 1.0                     ; 4977 MB             ; 00:00:30                           ;
; Partition Merge           ; 00:00:04     ; 1.0                     ; 4816 MB             ; 00:00:01                           ;
; Fitter                    ; 00:00:23     ; 1.7                     ; 6284 MB             ; 00:00:30                           ;
; Assembler                 ; 00:00:09     ; 1.0                     ; 4777 MB             ; 00:00:04                           ;
; TimeQuest Timing Analyzer ; 00:00:08     ; 1.0                     ; 5058 MB             ; 00:00:05                           ;
; Total                     ; 00:09:04     ; --                      ; --                  ; 00:12:03                           ;
+---------------------------+--------------+-------------------------+---------------------+------------------------------------+


+----------------------------------------------------------------------------------------+
; Flow OS Summary                                                                        ;
+---------------------------+------------------+-----------+------------+----------------+
; Module Name               ; Machine Hostname ; OS Name   ; OS Version ; Processor type ;
+---------------------------+------------------+-----------+------------+----------------+
; Analysis & Synthesis      ; DESKTOP-L862LA6  ; Windows 7 ; 6.2        ; x86_64         ;
; Fitter                    ; DESKTOP-L862LA6  ; Windows 7 ; 6.2        ; x86_64         ;
; Assembler                 ; DESKTOP-L862LA6  ; Windows 7 ; 6.2        ; x86_64         ;
; TimeQuest Timing Analyzer ; DESKTOP-L862LA6  ; Windows 7 ; 6.2        ; x86_64         ;
; Analysis & Synthesis      ; DESKTOP-L862LA6  ; Windows 7 ; 6.2        ; x86_64         ;
; Partition Merge           ; DESKTOP-L862LA6  ; Windows 7 ; 6.2        ; x86_64         ;
; Fitter                    ; DESKTOP-L862LA6  ; Windows 7 ; 6.2        ; x86_64         ;
; Assembler                 ; DESKTOP-L862LA6  ; Windows 7 ; 6.2        ; x86_64         ;
; TimeQuest Timing Analyzer ; DESKTOP-L862LA6  ; Windows 7 ; 6.2        ; x86_64         ;
; Analysis & Synthesis      ; DESKTOP-L862LA6  ; Windows 7 ; 6.2        ; x86_64         ;
; Partition Merge           ; DESKTOP-L862LA6  ; Windows 7 ; 6.2        ; x86_64         ;
; Fitter                    ; DESKTOP-L862LA6  ; Windows 7 ; 6.2        ; x86_64         ;
; Assembler                 ; DESKTOP-L862LA6  ; Windows 7 ; 6.2        ; x86_64         ;
; TimeQuest Timing Analyzer ; DESKTOP-L862LA6  ; Windows 7 ; 6.2        ; x86_64         ;
; Analysis & Synthesis      ; DESKTOP-L862LA6  ; Windows 7 ; 6.2        ; x86_64         ;
; Partition Merge           ; DESKTOP-L862LA6  ; Windows 7 ; 6.2        ; x86_64         ;
; Fitter                    ; DESKTOP-L862LA6  ; Windows 7 ; 6.2        ; x86_64         ;
; Assembler                 ; DESKTOP-L862LA6  ; Windows 7 ; 6.2        ; x86_64         ;
; TimeQuest Timing Analyzer ; DESKTOP-L862LA6  ; Windows 7 ; 6.2        ; x86_64         ;
; Analysis & Synthesis      ; DESKTOP-L862LA6  ; Windows 7 ; 6.2        ; x86_64         ;
; Partition Merge           ; DESKTOP-L862LA6  ; Windows 7 ; 6.2        ; x86_64         ;
; Fitter                    ; DESKTOP-L862LA6  ; Windows 7 ; 6.2        ; x86_64         ;
; Assembler                 ; DESKTOP-L862LA6  ; Windows 7 ; 6.2        ; x86_64         ;
; TimeQuest Timing Analyzer ; DESKTOP-L862LA6  ; Windows 7 ; 6.2        ; x86_64         ;
; Analysis & Synthesis      ; DESKTOP-L862LA6  ; Windows 7 ; 6.2        ; x86_64         ;
; Partition Merge           ; DESKTOP-L862LA6  ; Windows 7 ; 6.2        ; x86_64         ;
; Fitter                    ; DESKTOP-L862LA6  ; Windows 7 ; 6.2        ; x86_64         ;
; Assembler                 ; DESKTOP-L862LA6  ; Windows 7 ; 6.2        ; x86_64         ;
; TimeQuest Timing Analyzer ; DESKTOP-L862LA6  ; Windows 7 ; 6.2        ; x86_64         ;
; Analysis & Synthesis      ; DESKTOP-L862LA6  ; Windows 7 ; 6.2        ; x86_64         ;
; Partition Merge           ; DESKTOP-L862LA6  ; Windows 7 ; 6.2        ; x86_64         ;
; Fitter                    ; DESKTOP-L862LA6  ; Windows 7 ; 6.2        ; x86_64         ;
; Assembler                 ; DESKTOP-L862LA6  ; Windows 7 ; 6.2        ; x86_64         ;
; TimeQuest Timing Analyzer ; DESKTOP-L862LA6  ; Windows 7 ; 6.2        ; x86_64         ;
; Analysis & Synthesis      ; DESKTOP-L862LA6  ; Windows 7 ; 6.2        ; x86_64         ;
; Partition Merge           ; DESKTOP-L862LA6  ; Windows 7 ; 6.2        ; x86_64         ;
; Fitter                    ; DESKTOP-L862LA6  ; Windows 7 ; 6.2        ; x86_64         ;
; Assembler                 ; DESKTOP-L862LA6  ; Windows 7 ; 6.2        ; x86_64         ;
; TimeQuest Timing Analyzer ; DESKTOP-L862LA6  ; Windows 7 ; 6.2        ; x86_64         ;
; Analysis & Synthesis      ; DESKTOP-L862LA6  ; Windows 7 ; 6.2        ; x86_64         ;
; Partition Merge           ; DESKTOP-L862LA6  ; Windows 7 ; 6.2        ; x86_64         ;
; Fitter                    ; DESKTOP-L862LA6  ; Windows 7 ; 6.2        ; x86_64         ;
; Assembler                 ; DESKTOP-L862LA6  ; Windows 7 ; 6.2        ; x86_64         ;
; TimeQuest Timing Analyzer ; DESKTOP-L862LA6  ; Windows 7 ; 6.2        ; x86_64         ;
; Analysis & Synthesis      ; DESKTOP-L862LA6  ; Windows 7 ; 6.2        ; x86_64         ;
; Partition Merge           ; DESKTOP-L862LA6  ; Windows 7 ; 6.2        ; x86_64         ;
; Fitter                    ; DESKTOP-L862LA6  ; Windows 7 ; 6.2        ; x86_64         ;
; Assembler                 ; DESKTOP-L862LA6  ; Windows 7 ; 6.2        ; x86_64         ;
; TimeQuest Timing Analyzer ; DESKTOP-L862LA6  ; Windows 7 ; 6.2        ; x86_64         ;
+---------------------------+------------------+-----------+------------+----------------+


------------
; Flow Log ;
------------
quartus_map --read_settings_files=on --write_settings_files=off IMU -c DE2_115
quartus_fit --read_settings_files=off --write_settings_files=off IMU -c DE2_115
quartus_asm --read_settings_files=off --write_settings_files=off IMU -c DE2_115
quartus_sta IMU -c DE2_115
quartus_map --read_settings_files=on --write_settings_files=off IMU -c DE2_115
quartus_cdb --read_settings_files=off --write_settings_files=off IMU -c DE2_115 --merge=on
quartus_fit --read_settings_files=off --write_settings_files=off IMU -c DE2_115
quartus_asm --read_settings_files=off --write_settings_files=off IMU -c DE2_115
quartus_sta IMU -c DE2_115
quartus_map --read_settings_files=on --write_settings_files=off IMU -c DE2_115
quartus_cdb --read_settings_files=off --write_settings_files=off IMU -c DE2_115 --merge=on
quartus_fit --read_settings_files=off --write_settings_files=off IMU -c DE2_115
quartus_asm --read_settings_files=off --write_settings_files=off IMU -c DE2_115
quartus_sta IMU -c DE2_115
quartus_map --read_settings_files=on --write_settings_files=off IMU -c DE2_115
quartus_cdb --read_settings_files=off --write_settings_files=off IMU -c DE2_115 --merge=on
quartus_fit --read_settings_files=off --write_settings_files=off IMU -c DE2_115
quartus_asm --read_settings_files=off --write_settings_files=off IMU -c DE2_115
quartus_sta IMU -c DE2_115
quartus_map --read_settings_files=on --write_settings_files=off IMU -c DE2_115
quartus_cdb --read_settings_files=off --write_settings_files=off IMU -c DE2_115 --merge=on
quartus_fit --read_settings_files=off --write_settings_files=off IMU -c DE2_115
quartus_asm --read_settings_files=off --write_settings_files=off IMU -c DE2_115
quartus_sta IMU -c DE2_115
quartus_map --read_settings_files=on --write_settings_files=off IMU -c DE2_115
quartus_cdb --read_settings_files=off --write_settings_files=off IMU -c DE2_115 --merge=on
quartus_fit --read_settings_files=off --write_settings_files=off IMU -c DE2_115
quartus_asm --read_settings_files=off --write_settings_files=off IMU -c DE2_115
quartus_sta IMU -c DE2_115
quartus_map --read_settings_files=on --write_settings_files=off IMU -c DE2_115
quartus_cdb --read_settings_files=off --write_settings_files=off IMU -c DE2_115 --merge=on
quartus_fit --read_settings_files=off --write_settings_files=off IMU -c DE2_115
quartus_asm --read_settings_files=off --write_settings_files=off IMU -c DE2_115
quartus_sta IMU -c DE2_115
quartus_map --read_settings_files=on --write_settings_files=off IMU -c DE2_115
quartus_cdb --read_settings_files=off --write_settings_files=off IMU -c DE2_115 --merge=on
quartus_fit --read_settings_files=off --write_settings_files=off IMU -c DE2_115
quartus_asm --read_settings_files=off --write_settings_files=off IMU -c DE2_115
quartus_sta IMU -c DE2_115
quartus_map --read_settings_files=on --write_settings_files=off IMU -c DE2_115
quartus_cdb --read_settings_files=off --write_settings_files=off IMU -c DE2_115 --merge=on
quartus_fit --read_settings_files=off --write_settings_files=off IMU -c DE2_115
quartus_asm --read_settings_files=off --write_settings_files=off IMU -c DE2_115
quartus_sta IMU -c DE2_115
quartus_map --read_settings_files=on --write_settings_files=off IMU -c DE2_115
quartus_cdb --read_settings_files=off --write_settings_files=off IMU -c DE2_115 --merge=on
quartus_fit --read_settings_files=off --write_settings_files=off IMU -c DE2_115
quartus_asm --read_settings_files=off --write_settings_files=off IMU -c DE2_115
quartus_sta IMU -c DE2_115



