------------------------------------------------------------
TimeQuest Timing Analyzer Summary
------------------------------------------------------------

Type  : Slow 1200mV 85C Model Setup 'vga_clk_pll|altpll_0|sd1|pll7|clk[1]'
Slack : -6.322
TNS   : -1347.723

Type  : Slow 1200mV 85C Model Hold 'vga_clk_pll|altpll_0|sd1|pll7|clk[1]'
Slack : 0.287
TNS   : 0.000

Type  : Slow 1200mV 85C Model Minimum Pulse Width 'vga_clk_pll|altpll_0|sd1|pll7|clk[1]'
Slack : 6.435
TNS   : 0.000

Type  : Slow 1200mV 85C Model Minimum Pulse Width 'CLOCK_50'
Slack : 9.819
TNS   : 0.000

Type  : Slow 1200mV 85C Model Minimum Pulse Width 'CLOCK2_50'
Slack : 16.000
TNS   : 0.000

Type  : Slow 1200mV 85C Model Minimum Pulse Width 'CLOCK3_50'
Slack : 16.000
TNS   : 0.000

Type  : Slow 1200mV 0C Model Setup 'vga_clk_pll|altpll_0|sd1|pll7|clk[1]'
Slack : -4.564
TNS   : -225.988

Type  : Slow 1200mV 0C Model Hold 'vga_clk_pll|altpll_0|sd1|pll7|clk[1]'
Slack : 0.297
TNS   : 0.000

Type  : Slow 1200mV 0C Model Minimum Pulse Width 'vga_clk_pll|altpll_0|sd1|pll7|clk[1]'
Slack : 6.421
TNS   : 0.000

Type  : Slow 1200mV 0C Model Minimum Pulse Width 'CLOCK_50'
Slack : 9.799
TNS   : 0.000

Type  : Slow 1200mV 0C Model Minimum Pulse Width 'CLOCK2_50'
Slack : 16.000
TNS   : 0.000

Type  : Slow 1200mV 0C Model Minimum Pulse Width 'CLOCK3_50'
Slack : 16.000
TNS   : 0.000

Type  : Fast 1200mV 0C Model Setup 'vga_clk_pll|altpll_0|sd1|pll7|clk[1]'
Slack : 3.926
TNS   : 0.000

Type  : Fast 1200mV 0C Model Hold 'vga_clk_pll|altpll_0|sd1|pll7|clk[1]'
Slack : 0.098
TNS   : 0.000

Type  : Fast 1200mV 0C Model Minimum Pulse Width 'vga_clk_pll|altpll_0|sd1|pll7|clk[1]'
Slack : 6.481
TNS   : 0.000

Type  : Fast 1200mV 0C Model Minimum Pulse Width 'CLOCK_50'
Slack : 9.400
TNS   : 0.000

Type  : Fast 1200mV 0C Model Minimum Pulse Width 'CLOCK2_50'
Slack : 16.000
TNS   : 0.000

Type  : Fast 1200mV 0C Model Minimum Pulse Width 'CLOCK3_50'
Slack : 16.000
TNS   : 0.000

------------------------------------------------------------
