------------------------------------------------------------
TimeQuest Timing Analyzer Summary
------------------------------------------------------------

Type  : Slow 1200mV 85C Model Setup 'vga_clk_pll|altpll_0|sd1|pll7|clk[1]'
Slack : -101.537
TNS   : -8819.961

Type  : Slow 1200mV 85C Model Setup 'CLOCK_50'
Slack : 7.918
TNS   : 0.000

Type  : Slow 1200mV 85C Model Setup 'altera_reserved_tck'
Slack : 42.368
TNS   : 0.000

Type  : Slow 1200mV 85C Model Hold 'CLOCK_50'
Slack : 0.351
TNS   : 0.000

Type  : Slow 1200mV 85C Model Hold 'vga_clk_pll|altpll_0|sd1|pll7|clk[1]'
Slack : 0.365
TNS   : 0.000

Type  : Slow 1200mV 85C Model Hold 'altera_reserved_tck'
Slack : 0.403
TNS   : 0.000

Type  : Slow 1200mV 85C Model Recovery 'altera_reserved_tck'
Slack : 48.262
TNS   : 0.000

Type  : Slow 1200mV 85C Model Removal 'altera_reserved_tck'
Slack : 1.002
TNS   : 0.000

Type  : Slow 1200mV 85C Model Minimum Pulse Width 'vga_clk_pll|altpll_0|sd1|pll7|clk[1]'
Slack : 6.425
TNS   : 0.000

Type  : Slow 1200mV 85C Model Minimum Pulse Width 'CLOCK_50'
Slack : 9.554
TNS   : 0.000

Type  : Slow 1200mV 85C Model Minimum Pulse Width 'CLOCK2_50'
Slack : 16.000
TNS   : 0.000

Type  : Slow 1200mV 85C Model Minimum Pulse Width 'CLOCK3_50'
Slack : 16.000
TNS   : 0.000

Type  : Slow 1200mV 85C Model Minimum Pulse Width 'altera_reserved_tck'
Slack : 49.492
TNS   : 0.000

Type  : Slow 1200mV 0C Model Setup 'vga_clk_pll|altpll_0|sd1|pll7|clk[1]'
Slack : -91.867
TNS   : -5937.520

Type  : Slow 1200mV 0C Model Setup 'CLOCK_50'
Slack : 8.946
TNS   : 0.000

Type  : Slow 1200mV 0C Model Setup 'altera_reserved_tck'
Slack : 43.012
TNS   : 0.000

Type  : Slow 1200mV 0C Model Hold 'vga_clk_pll|altpll_0|sd1|pll7|clk[1]'
Slack : 0.340
TNS   : 0.000

Type  : Slow 1200mV 0C Model Hold 'CLOCK_50'
Slack : 0.354
TNS   : 0.000

Type  : Slow 1200mV 0C Model Hold 'altera_reserved_tck'
Slack : 0.355
TNS   : 0.000

Type  : Slow 1200mV 0C Model Recovery 'altera_reserved_tck'
Slack : 48.535
TNS   : 0.000

Type  : Slow 1200mV 0C Model Removal 'altera_reserved_tck'
Slack : 0.907
TNS   : 0.000

Type  : Slow 1200mV 0C Model Minimum Pulse Width 'vga_clk_pll|altpll_0|sd1|pll7|clk[1]'
Slack : 6.414
TNS   : 0.000

Type  : Slow 1200mV 0C Model Minimum Pulse Width 'CLOCK_50'
Slack : 9.560
TNS   : 0.000

Type  : Slow 1200mV 0C Model Minimum Pulse Width 'CLOCK2_50'
Slack : 16.000
TNS   : 0.000

Type  : Slow 1200mV 0C Model Minimum Pulse Width 'CLOCK3_50'
Slack : 16.000
TNS   : 0.000

Type  : Slow 1200mV 0C Model Minimum Pulse Width 'altera_reserved_tck'
Slack : 49.402
TNS   : 0.000

Type  : Fast 1200mV 0C Model Setup 'vga_clk_pll|altpll_0|sd1|pll7|clk[1]'
Slack : -50.169
TNS   : -1590.136

Type  : Fast 1200mV 0C Model Setup 'CLOCK_50'
Slack : 13.923
TNS   : 0.000

Type  : Fast 1200mV 0C Model Setup 'altera_reserved_tck'
Slack : 46.401
TNS   : 0.000

Type  : Fast 1200mV 0C Model Hold 'CLOCK_50'
Slack : 0.146
TNS   : 0.000

Type  : Fast 1200mV 0C Model Hold 'vga_clk_pll|altpll_0|sd1|pll7|clk[1]'
Slack : 0.158
TNS   : 0.000

Type  : Fast 1200mV 0C Model Hold 'altera_reserved_tck'
Slack : 0.182
TNS   : 0.000

Type  : Fast 1200mV 0C Model Recovery 'altera_reserved_tck'
Slack : 49.470
TNS   : 0.000

Type  : Fast 1200mV 0C Model Removal 'altera_reserved_tck'
Slack : 0.489
TNS   : 0.000

Type  : Fast 1200mV 0C Model Minimum Pulse Width 'vga_clk_pll|altpll_0|sd1|pll7|clk[1]'
Slack : 6.481
TNS   : 0.000

Type  : Fast 1200mV 0C Model Minimum Pulse Width 'CLOCK_50'
Slack : 9.202
TNS   : 0.000

Type  : Fast 1200mV 0C Model Minimum Pulse Width 'CLOCK2_50'
Slack : 16.000
TNS   : 0.000

Type  : Fast 1200mV 0C Model Minimum Pulse Width 'CLOCK3_50'
Slack : 16.000
TNS   : 0.000

Type  : Fast 1200mV 0C Model Minimum Pulse Width 'altera_reserved_tck'
Slack : 49.285
TNS   : 0.000

------------------------------------------------------------
